\BOOKMARK [1][-]{section.1}{\376\377\214\003\170\024\166\356\150\007\116\016\117\177\165\050\145\271\154\325}{}% 1
\BOOKMARK [2][-]{subsection.1.1}{\376\377\214\003\170\024\147\000\176\310\211\201\170\156\213\244\166\204\121\205\133\271}{section.1}% 2
\BOOKMARK [1][-]{section.2}{\376\377\173\054\116\000\220\350\122\006\377\032\117\001\116\032\116\032\122\241\165\073\120\317}{}% 3
\BOOKMARK [2][-]{subsection.2.1}{\376\377\117\001\116\032\116\016\116\032\122\241\152\041\137\017}{section.2}% 4
\BOOKMARK [2][-]{subsection.2.2}{\376\377\117\001\116\032\133\371\040\034\000O\000A\040\035\166\204\133\236\226\105\147\037\137\205}{section.2}% 5
\BOOKMARK [1][-]{section.3}{\376\377\173\054\116\214\220\350\122\006\377\032\165\050\167\037\133\236\116\032\122\241\217\330\123\237\121\150\217\307\172\013}{}% 6
\BOOKMARK [2][-]{subsection.3.1}{\376\377\167\037\133\236\116\032\122\241\150\067\147\054}{section.3}% 7
\BOOKMARK [2][-]{subsection.3.2}{\376\377\121\150\217\307\172\013\213\260\137\125\210\150}{section.3}% 8
\BOOKMARK [2][-]{subsection.3.3}{\376\377\153\317\116\052\116\032\122\241\163\257\202\202\220\375\211\201\225\356}{section.3}% 9
\BOOKMARK [1][-]{section.4}{\376\377\173\054\116\011\220\350\122\006\377\032\213\242\123\125\060\001\230\171\166\356\124\214\116\032\122\241\162\266\140\001}{}% 10
\BOOKMARK [2][-]{subsection.4.1}{\376\377\117\001\116\032\131\202\117\125\171\360\124\174\124\214\123\072\122\006\116\032\122\241\133\371\214\141}{section.4}% 11
\BOOKMARK [2][-]{subsection.4.2}{\376\377\162\266\140\001\170\156\213\244\225\356\230\230}{section.4}% 12
\BOOKMARK [1][-]{section.5}{\376\377\173\054\126\333\220\350\122\006\377\032\123\125\143\156\060\001\171\150\143\156\060\001\210\150\150\074\124\214\226\104\116\366\166\356\137\125}{}% 13
\BOOKMARK [2][-]{subsection.5.1}{\376\377\121\150\220\350\215\104\145\231\166\330\160\271\210\150}{section.5}% 14
\BOOKMARK [2][-]{subsection.5.2}{\376\377\116\000\137\040\123\125\143\156\166\204\213\346\176\306\214\003\147\345\210\150}{section.5}% 15
\BOOKMARK [2][-]{subsection.5.3}{\376\377\171\150\143\156\116\023\230\171\214\003\147\345}{section.5}% 16
\BOOKMARK [1][-]{section.6}{\376\377\173\054\116\224\220\350\122\006\377\032\133\127\153\265\116\016\145\160\143\156\147\145\156\220\214\003\147\345}{}% 17
\BOOKMARK [2][-]{subsection.6.1}{\376\377\116\032\122\241\133\127\153\265\156\005\123\125}{section.6}% 18
\BOOKMARK [2][-]{subsection.6.2}{\376\377\220\020\133\127\153\265\217\375\225\356}{section.6}% 19
\BOOKMARK [1][-]{section.7}{\376\377\173\054\121\155\220\350\122\006\377\032\134\227\117\115\122\006\135\345\116\016\145\160\143\156\117\177\165\050}{}% 20
\BOOKMARK [2][-]{subsection.7.1}{\376\377\134\227\117\115\123\117\117\134\210\150}{section.7}% 21
\BOOKMARK [2][-]{subsection.7.2}{\376\377\214\001\227\000\211\201\116\300\116\110\117\341\140\157}{section.7}% 22
\BOOKMARK [2][-]{subsection.7.3}{\376\377\215\043\116\373\170\156\213\244}{section.7}% 23
\BOOKMARK [1][-]{section.8}{\376\377\173\054\116\003\220\350\122\006\377\032\145\160\143\156\117\040\220\022\060\001\221\315\131\015\137\125\121\145\116\016\154\107\140\073}{}% 24
\BOOKMARK [2][-]{subsection.8.1}{\376\377\145\160\143\156\155\101\217\154\214\003\147\345}{section.8}% 25
\BOOKMARK [2][-]{subsection.8.2}{\376\377\154\107\140\073\210\150\124\214\173\241\164\006\142\245\210\150}{section.8}% 26
\BOOKMARK [1][-]{section.9}{\376\377\173\054\121\153\220\350\122\006\377\032\137\002\136\070\124\214\227\136\150\007\121\306\116\032\122\241}{}% 27
\BOOKMARK [1][-]{section.10}{\376\377\173\054\116\135\220\350\122\006\377\032\163\260\147\011\135\345\117\134\145\271\137\017\116\016\135\362\147\011\135\345\121\167}{}% 28
\BOOKMARK [2][-]{subsection.10.1}{\376\377\163\260\147\011\145\271\137\017\166\204\155\361\121\145\217\375\225\356}{section.10}% 29
\BOOKMARK [1][-]{section.11}{\376\377\173\054\123\101\220\350\122\006\377\032\203\003\126\364\122\044\145\255\377\014\116\015\230\204\213\276\137\305\230\173\120\132\133\214\145\164\000\040\000O\000A}{}% 30
\BOOKMARK [2][-]{subsection.11.1}{\376\377\116\032\122\241\152\041\127\127\213\304\117\060\210\150}{section.11}% 31
\BOOKMARK [2][-]{subsection.11.2}{\376\377\122\044\145\255\230\230}{section.11}% 32
\BOOKMARK [2][-]{subsection.11.3}{\376\377\116\011\171\315\136\070\211\301\176\323\213\272}{section.11}% 33
\BOOKMARK [1][-]{section.12}{\376\377\173\054\123\101\116\000\220\350\122\006\377\032\214\003\170\024\176\323\213\272\124\214\117\001\116\032\170\156\213\244}{}% 34
\BOOKMARK [2][-]{subsection.12.1}{\376\377\117\001\116\032\116\032\122\241\176\323\213\272}{section.12}% 35
\BOOKMARK [2][-]{subsection.12.2}{\376\377\176\263\121\145\116\016\116\015\176\263\121\145\156\005\123\125}{section.12}% 36
\BOOKMARK [2][-]{subsection.12.3}{\376\377\137\305\230\173\137\142\142\020\166\204\214\003\170\024\215\104\145\231}{section.12}% 37
\BOOKMARK [1][-]{section.13}{\376\377\213\277\214\010\176\323\147\137\145\366\166\204\147\000\134\017\137\305\225\356\156\005\123\125}{}% 38
